Renesas Optimizing Linker (W3.01.00 )             15-Apr-2020 13:13:36

*** Options ***

-subcommand=DefaultBuild\Y_M_P_2.clnk
-library=DefaultBuild\Y_M_P_2.lib
-input=DefaultBuild\dbsct.obj
-input=DefaultBuild\intprg.obj
-input=DefaultBuild\resetprg.obj
-input=DefaultBuild\sbrk.obj
-input=DefaultBuild\vecttbl.obj
-input=DefaultBuild\Y_M_P_2.obj
-input=DefaultBuild\init_rx220.obj
-input=DefaultBuild\function_test.obj
-input=DefaultBuild\interrupt.obj
-input=DefaultBuild\sci.obj
-input=DefaultBuild\sensor.obj
-input=DefaultBuild\drive.obj
-input=DefaultBuild\encoder.obj
-input=DefaultBuild\run.obj
-input=DefaultBuild\search.obj
-input=DefaultBuild\maze.obj
-input=DefaultBuild\log.obj
-noprelink
-output=DefaultBuild\Y_M_P_2.abs
-list=DefaultBuild\Y_M_P_2.map
-nooptimize
-start=B_1,R_1,B_2,R_2,B,R,SU,SI/04,PResetPRG/0FFFC0000,C_1,C_2,C,C$DSEC,C$BSEC,C$INIT,C$VTBL,C$VECT,D_1,D_2,D,P,PIntPRG,W_1,W_2,W,L/0FFFC0100,FIXEDVECT/0FFFFFFD0
-rom=D=R,D_1=R_1,D_2=R_2
-nologo
-end

*** Error information ***

*** Mapping List ***

SECTION                            START      END         SIZE   ALIGN
B_1
                                  00000004  00000007         4   1
R_1
                                  00000008  00000118       111   1
B_2
                                  0000011a  00000147        2e   2
R_2
                                  00000148  0000016b        24   2
B
                                  0000016c  000005b7       44c   4
R
                                  000005b8  000015bb      1004   4
SU
                                  000015bc  000016bb       100   4
SI
                                  000016bc  000019bb       300   4
PResetPRG
                                  fffc0000  fffc0028        29   1
C_1
                                  fffc0100  fffc0100         0   1
C_2
                                  fffc0100  fffc0100         0   1
C
                                  fffc0100  fffc0133        34   4
C$DSEC
                                  fffc0134  fffc0157        24   4
C$BSEC
                                  fffc0158  fffc016f        18   4
C$INIT
                                  fffc0170  fffc0170         0   1
C$VTBL
                                  fffc0170  fffc0170         0   1
C$VECT
                                  fffc0170  fffc056f       400   4
D_1
                                  fffc0570  fffc0680       111   1
D_2
                                  fffc0682  fffc06a5        24   2
D
                                  fffc06a8  fffc16ab      1004   4
P
                                  fffc16ac  fffc43c8      2d1d   1
PIntPRG
                                  fffc43c9  fffc44d9       111   1
W_1
                                  fffc44da  fffc44da         0   1
W_2
                                  fffc44da  fffc44da         0   1
W
                                  fffc44da  fffc44da         0   1
L
                                  fffc44dc  fffc4625       14a   4
$ADDR_C_FFFFFF80
                                  ffffff80  ffffff83         4   1
$ADDR_C_FFFFFFA0
                                  ffffffa0  ffffffaf        10   1
FIXEDVECT
                                  ffffffd0  ffffffff        30   4
